<html>
<body>
<pre>
<h1>礦ision Build Log</h1>
<h2>Tool Versions:</h2>
IDE-Version: μVision V5.20.0.0
Copyright (C) 2016 ARM Ltd and ARM Germany GmbH. All rights reserved.
License Information: 123 Microsoft, Microsoft, LIC=KRMKP-MCQFN-8FUIE-5T3LI-ML322-GZCLP
 
Tool Versions:
Toolchain:       MDK-ARM Plus  Version: 5.20
Toolchain Path:  E:\Soft\KEIL5&ARM\ARM\ARMCC\Bin
C Compiler:      Armcc.exe V5.06 update 2 (build 183)
Assembler:       Armasm.exe V5.06 update 2 (build 183)
Linker/Locator:  ArmLink.exe V5.06 update 2 (build 183)
Library Manager: ArmAr.exe V5.06 update 2 (build 183)
Hex Converter:   FromElf.exe V5.06 update 2 (build 183)
CPU DLL:         SARMCM3.DLL V5.20
Dialog DLL:      DCM.DLL V1.13.7.0
Target DLL:      Segger\JL2CM3.dll V2.99.20.0
Dialog DLL:      TCM.DLL V1.14.9.0
 
<h2>Project:</h2>
D:\常用模块\DHT11\Temperature-Humidity-Sensor-code\STM32F10X\Temperature-Humidity Sensor\MDK_Project\Usart.uvprojx
Project File Date:  02/08/2017

<h2>Output:</h2>
*** Using Compiler 'V5.06 update 2 (build 183)', folder: 'E:\Soft\KEIL5&ARM\ARM\ARMCC\Bin'
Rebuild target 'Target 1'
compiling stm32f10x_gpio.c...
compiling stm32f10x_rcc.c...
compiling core_cm3.c...
compiling stm32f10x_usart.c...
compiling misc.c...
compiling main.c...
compiling usart.c...
compiling stm32f10x_it.c...
compiling DHT11.c...
compiling system_stm32f10x.c...
compiling delay.c...
assembling startup_stm32f10x_hd.s...
compiling Read me.c...
linking...
Program Size: Code=5740 RO-data=336 RW-data=48 ZI-data=1632  
FromELF: creating hex file...
".\output\Usart.axf" - 0 Error(s), 0 Warning(s).

<h2>Software Packages used:</h2>

Package Vendor: ARM
                http://www.keil.com/pack/ARM.CMSIS.4.5.0.pack
                ARM::CMSIS:CORE:4.3.0
                CMSIS (Cortex Microcontroller Software Interface Standard)
   * Component: CORE Version: 4.3.0

<h2>Collection of Component include folders:</h2>
  D:\常用模块\DHT11\Temperature-Humidity-Sensor-code\STM32F10X\Temperature-Humidity Sensor\MDK_Project\RTE
  E:\Soft\KEIL5&ARM\ARM\PACK\ARM\CMSIS\4.5.0\CMSIS\Include
  E:\Soft\KEIL5&ARM\ARM\PACK\Keil\STM32F1xx_DFP\1.1.0\Device\Include

<h2>Collection of Component Files used:</h2>

   * Component: ARM::CMSIS:CORE:4.3.0
Build Time Elapsed:  00:00:06
</pre>
</body>
</html>
